{
  "Version": "2012-10-17",
  "Statement": {
    "Action": "sts:AssumeRole",
    "Resource": "*",
    "Effect": "Allow"
  }
}
