{
  "Version": "2012-10-17",
  "Statement": [
    {
      "Effect": "Allow",
      "Principal": {
        "AWS": "arn:aws:iam::751852626996:role/apie1-kiam-role"
      },
      "Action": "sts:AssumeRole"
    }
  ]
}